{
  "directories": [],
  "filesApiConfiguration": {
    "baseUrl": "https://not.set.com",
    "scopes": []
  }
}