{
  "id": 0,
  "value": "",
  "ignoreImage": false
}