{
  "user": {
    "claims": [],
    "identities": [],
    "identity": null
  }
}