{
  "searchString": "SearchString",
  "topWallpapers": "TopWallpapers",
  "searchStringPrefix": "SearchStringPrefix",
  "searchStringSuffix": "SearchStringSuffix",
  "subscriptions": "Subscriptions",
  "imagePauseInSeconds": 5,
  "startingPageNumber": 3,
  "totalPages": 2,
  "useHeadless": true,
  "subscriptionsStartingPageNumber": 4,
  "subscriptionsTotalPages": 1,
  "topWallpapersTotalPages": 5,
  "topWallpapersStartingPageNumber": 5,
  "slowMotionDelayInMilliseconds": 500,
  "siteConfigurationSlug": "SiteConfigurationSlug",
  "updatedBy": "UpdatedBy",
  "updatedOn": "2001-01-01T00:00:00"
}