{
  "baseUrl": "",
  "loginUrl": "",
  "loginEmailAddress": "",
  "username": "",
  "password": ""
}