{
  "slug": "",
  "baseUrl": "",
  "loginUrl": "",
  "loginEmailAddress": "",
  "username": "",
  "password": ""
}