{
  "slug": "mock-slug",
  "baseUrl": "",
  "loginUrl": "",
  "loginEmailAddress": "",
  "username": "",
  "password": "",
  "updatedBy": "me"
}