{
  "fileSize": -1,
  "fileSizeForDisplay": "-0.00 Kb",
  "files": []
}