{
  "excludeViewedPeriodInDays": 7,
  "excludeViewed": true
}