{
  "id": 0,
  "detailsLastUpdated": null,
  "lastViewed": null,
  "softDeleted": false,
  "softDeletePending": false,
  "moveRequired": false,
  "hardDeletePending": false
}