{
  "scrapeDirectoryId": "00000000-0000-0000-0000-000000000000",
  "rootDirectory": "",
  "baseSaveDirectory": "",
  "baseDirectory": "",
  "baseDirectoryFamous": "",
  "subDirectoryName": "",
  "updatedBy": "me"
}