{
  "rootDirectory": "",
  "baseSaveDirectory": "",
  "baseDirectory": "",
  "baseDirectoryFamous": "",
  "subDirectoryName": ""
}