{
  "siteConfigurationSlug": "SiteConfigurationSlug",
  "searchString": "SearchString",
  "subscriptions": "Subscriptions",
  "searchStringPrefix": "SearchStringPrefix",
  "topWallpapers": "TopWallpapers",
  "totalPages": 2
}