{
  "slug": "doesn\u0027t matter",
  "user": {
    "claims": [],
    "identities": [],
    "identity": null
  }
}