{
  "siteConfigurationSlug": "",
  "searchString": "",
  "subscriptions": "",
  "searchStringPrefix": "",
  "topWallpapers": "",
  "totalPages": 0,
  "imagePauseInSeconds": 0,
  "searchStringSuffix": "",
  "startingPageNumber": 0,
  "useHeadless": false,
  "subscriptionsStartingPageNumber": 0,
  "subscriptionsTotalPages": 0,
  "topWallpapersTotalPages": 0,
  "topWallpapersStartingPageNumber": 0,
  "slowMotionDelayInMilliseconds": 0
}