{
  "slug": "doesn\u0027t matter",
  "updatedBy": "me"
}